// Jest Snapshot v1, https://goo.gl/fbAQLP

exports[`<CommandLogs /> matches snapshot 1`] = `
<body>
  <div>
    <div
      aria-label="command-logs"
    >
      <ol>
        <li>
          Log 1
           
        </li>
      </ol>
    </div>
  </div>
</body>
`;
